// Vitest Snapshot v1

exports[`Description List Component Snapshot Test > Elements and styles renders correctly 1`] = `
<div
  data-v-app=""
>
  
  <dl
    class="list__wrapper"
    data-v-238432e0=""
  >
    <div
      class="list__items"
      data-v-238432e0=""
    >
      
      
    </div>
    <div
      class="list__status-indicator"
      data-v-238432e0=""
    >
      <div
        data-v-238432e0=""
      >
        <i
          class="cib-discover"
          data-v-238432e0=""
        />
      </div>
    </div>
    <div
      class="list__actions"
      data-v-238432e0=""
    >
      <button
        class="list__edit"
        data-v-238432e0=""
      >
        <i
          class="cil-pencil"
          data-v-238432e0=""
        />
      </button>
      <button
        class="list__delete"
        data-v-238432e0=""
      >
        <i
          class="cil-trash"
          data-v-238432e0=""
        />
      </button>
    </div>
  </dl>
  <dl
    class="list__wrapper"
    data-v-238432e0=""
  >
    <div
      class="list__items"
      data-v-238432e0=""
    >
      
      
    </div>
    <div
      class="list__status-indicator"
      data-v-238432e0=""
    >
      <div
        data-v-238432e0=""
      >
        <i
          class="cib-discover"
          data-v-238432e0=""
        />
      </div>
    </div>
    <div
      class="list__actions"
      data-v-238432e0=""
    >
      <button
        class="list__edit"
        data-v-238432e0=""
      >
        <i
          class="cil-pencil"
          data-v-238432e0=""
        />
      </button>
      <button
        class="list__delete"
        data-v-238432e0=""
      >
        <i
          class="cil-trash"
          data-v-238432e0=""
        />
      </button>
    </div>
  </dl>
  
</div>
`;
